╔═════════╤═════════╤════════════╗
║ n.name  │ m.name  │ confidence ║
╠═════════╪═════════╪════════════╣
║ 'Alice' │ 'Carol' │ 1          ║
╚═════════╧═════════╧════════════╝
(1 row)
