╔════════╤═════════════╤════════════╗
║ n.name │ type(r)     │ labels(m)  ║
╠════════╪═════════════╪════════════╣
║ 'Bob'  │ 'FRIEND_OF' │ ['Person'] ║
╚════════╧═════════════╧════════════╝
(1 row)
