╔════════╤═════════════════╗
║ person │ product         ║
╠════════╪═════════════════╣
║ 'Bob'  │ '1984'          ║
║ 'Bob'  │ 'Jurassic Park' ║
║ 'Bob'  │ 'Shakira'       ║
║ 'Bob'  │ 'Terminator 2'  ║
╚════════╧═════════════════╝
(4 rows)
