╔══════════╗
║ count(n) ║
╠══════════╣
║ 3259     ║
╚══════════╝
(1 row)
Node labels {
	:Order
		customerID: STRING?
		orderID: INTEGER
		orderDate: STRING?
		shipAddress: STRING?
		shipRegion: STRING?
		freight: INTEGER?
		shipCity: STRING?
		shipCountry: STRING?
		shipName: STRING?
		employeeID: INTEGER?
		shippedDate: STRING?
		requiredDate: STRING?
		shipPostalCode: STRING?
		shipVia: INTEGER?
	:CustomerDemographic
		customerTypeID: STRING
		customerDesc: STRING?
	:OrderDetails
		quantity: INTEGER
		orderID: INTEGER
		productID: INTEGER
		unitPrice: INTEGER
		discount: INTEGER
	:Product
		categoryID: INTEGER?
		discontinued: INTEGER
		unitsOnOrder: INTEGER?
		quantityPerUnit: STRING?
		reorderLevel: INTEGER?
		supplierID: INTEGER?
		productName: STRING
		unitsInStock: INTEGER?
		productID: INTEGER
		unitPrice: INTEGER?
	:Employee
		city: STRING?
		hireDate: STRING?
		photoPath: STRING?
		country: STRING?
		postalCode: STRING?
		reportsTo: INTEGER?
		lastName: STRING
		firstName: STRING
		birthDate: STRING?
		homePhone: STRING?
		employeeID: INTEGER
		region: STRING?
		address: STRING?
		title: STRING?
		titleOfCourtesy: STRING?
		extension: STRING?
	:Category
		categoryID: INTEGER
		categoryName: STRING
		description: STRING?
	:Supplier
		city: STRING?
		homePage: STRING?
		country: STRING?
		postalCode: STRING?
		contactName: STRING?
		supplierID: INTEGER
		fax: STRING?
		companyName: STRING
		region: STRING?
		address: STRING?
		contactTitle: STRING?
		phone: STRING?
	:Territory
		territoryID: STRING
		territoryDescription: STRING
		regionID: INTEGER
	:Shipper
		shipperID: INTEGER
		companyName: STRING
		phone: STRING?
	:Customer
		customerID: STRING
		city: STRING?
		country: STRING?
		postalCode: STRING?
		contactName: STRING?
		fax: STRING?
		companyName: STRING
		region: STRING?
		address: STRING?
		contactTitle: STRING?
		phone: STRING?
	:Region
		regionID: INTEGER
		regionDescription: STRING
}
no label implications
Rel types {
	:REPORTS_TO
	:HAS_CUSTOMER
	:HAS_ORDER
	:HAS_EMPLOYEE
	:HAS_SUPPLIER
	:HAS_SHIPPER
	:HAS_PRODUCT
	:HAS_REGION
	:HAS_CATEGORY
	:HAS_TERRITORY
	:HAS_CUSTOMER_DEMOGRAPHIC
}

╔══════════════╤═════════════╤════════════════════════════╗
║ o.customerID │ o.orderDate │ e.title                    ║
╠══════════════╪═════════════╪════════════════════════════╣
║ 'LAUGB'      │ '1/1/1998'  │ 'Sales Representative'     ║
║ 'LAUGB'      │ '1/1/1998'  │ 'Sales Representative'     ║
║ 'LAUGB'      │ '1/1/1998'  │ 'Sales Representative'     ║
║ 'LAUGB'      │ '1/1/1998'  │ 'Sales Manager'            ║
║ 'LAUGB'      │ '1/1/1998'  │ 'Inside Sales Coordinator' ║
║ 'OLDWO'      │ '1/1/1998'  │ 'Sales Representative'     ║
║ 'OLDWO'      │ '1/1/1998'  │ 'Sales Representative'     ║
║ 'OLDWO'      │ '1/1/1998'  │ 'Sales Representative'     ║
║ 'OLDWO'      │ '1/1/1998'  │ 'Sales Manager'            ║
║ 'OLDWO'      │ '1/1/1998'  │ 'Inside Sales Coordinator' ║
║ 'FAMIA'      │ '1/14/1997' │ 'Sales Representative'     ║
║ 'FAMIA'      │ '1/14/1997' │ 'Sales Representative'     ║
║ 'FAMIA'      │ '1/14/1997' │ 'Sales Representative'     ║
║ 'FAMIA'      │ '1/14/1997' │ 'Sales Manager'            ║
║ 'FAMIA'      │ '1/14/1997' │ 'Inside Sales Coordinator' ║
║ 'LAMAI'      │ '1/14/1998' │ 'Sales Representative'     ║
║ 'LAMAI'      │ '1/14/1998' │ 'Sales Representative'     ║
║ 'LAMAI'      │ '1/14/1998' │ 'Sales Representative'     ║
║ 'LAMAI'      │ '1/14/1998' │ 'Sales Manager'            ║
║ 'LAMAI'      │ '1/14/1998' │ 'Inside Sales Coordinator' ║
║ 'REGGC'      │ '1/2/1998'  │ 'Sales Representative'     ║
║ 'REGGC'      │ '1/2/1998'  │ 'Sales Representative'     ║
║ 'REGGC'      │ '1/2/1998'  │ 'Sales Representative'     ║
║ 'SUPRD'      │ '1/20/1998' │ 'Sales Representative'     ║
║ 'SUPRD'      │ '1/20/1998' │ 'Sales Representative'     ║
║ 'SUPRD'      │ '1/20/1998' │ 'Sales Representative'     ║
║ 'FRANS'      │ '1/22/1997' │ 'Sales Representative'     ║
║ 'FRANS'      │ '1/22/1997' │ 'Sales Representative'     ║
║ 'FRANS'      │ '1/22/1997' │ 'Sales Representative'     ║
║ 'FRANS'      │ '1/22/1997' │ 'Sales Manager'            ║
║ 'FRANS'      │ '1/22/1997' │ 'Inside Sales Coordinator' ║
║ 'SUPRD'      │ '1/22/1998' │ 'Sales Representative'     ║
║ 'SUPRD'      │ '1/22/1998' │ 'Sales Representative'     ║
║ 'SUPRD'      │ '1/22/1998' │ 'Sales Representative'     ║
║ 'SUPRD'      │ '1/22/1998' │ 'Sales Manager'            ║
║ 'SUPRD'      │ '1/22/1998' │ 'Inside Sales Coordinator' ║
║ 'RICAR'      │ '1/26/1998' │ 'Sales Representative'     ║
║ 'RICAR'      │ '1/26/1998' │ 'Sales Representative'     ║
║ 'RICAR'      │ '1/26/1998' │ 'Sales Representative'     ║
║ 'LACOR'      │ '1/29/1998' │ 'Sales Representative'     ║
║ 'LACOR'      │ '1/29/1998' │ 'Sales Representative'     ║
║ 'LACOR'      │ '1/29/1998' │ 'Sales Representative'     ║
║ 'LACOR'      │ '1/29/1998' │ 'Sales Manager'            ║
║ 'LACOR'      │ '1/29/1998' │ 'Inside Sales Coordinator' ║
║ 'MAGAA'      │ '1/3/1997'  │ 'Sales Representative'     ║
║ 'MAGAA'      │ '1/3/1997'  │ 'Sales Representative'     ║
║ 'MAGAA'      │ '1/3/1997'  │ 'Sales Representative'     ║
║ 'MAGAA'      │ '1/3/1997'  │ 'Sales Manager'            ║
║ 'MAGAA'      │ '1/3/1997'  │ 'Inside Sales Coordinator' ║
║ 'SAVEA'      │ '1/5/1998'  │ 'Sales Representative'     ║
╚══════════════╧═════════════╧════════════════════════════╝
(50 rows)
