╔══════════════════════════════════════════╤════════════════════════════════════╤════════════════════════════════════════╗
║ n                                        │ r                                  │ m                                      ║
╠══════════════════════════════════════════╪════════════════════════════════════╪════════════════════════════════════════╣
║ (:`Person` {`age`: 42, `name`: 'Alice'}) │ [:`KNOWS` {`since`: '23/01/1987'}] │ (:`Person` {`age`: 23, `name`: 'Bob'}) ║
║ (:`Person` {`age`: 23, `name`: 'Bob'})   │ [:`KNOWS` {`since`: '12/12/2009'}] │ (:`Person` {`age`: 84, `name`: 'Eve'}) ║
╚══════════════════════════════════════════╧════════════════════════════════════╧════════════════════════════════════════╝
(2 rows)
